[2023-08-15T22:43:21.167+0900][gc,init] CardTable entry size: 512
[2023-08-15T22:43:21.167+0900][gc     ] Using G1
[2023-08-15T22:43:21.168+0900][gc,init] Version: 20.0.1 (release)
[2023-08-15T22:43:21.168+0900][gc,init] CPUs: 8 total, 8 available
[2023-08-15T22:43:21.168+0900][gc,init] Memory: 16384M
[2023-08-15T22:43:21.168+0900][gc,init] Large Page Support: Disabled
[2023-08-15T22:43:21.168+0900][gc,init] NUMA Support: Disabled
[2023-08-15T22:43:21.168+0900][gc,init] Compressed Oops: Enabled (Zero based)
[2023-08-15T22:43:21.168+0900][gc,init] Heap Region Size: 1M
[2023-08-15T22:43:21.168+0900][gc,init] Heap Min Capacity: 1G
[2023-08-15T22:43:21.169+0900][gc,init] Heap Initial Capacity: 1G
[2023-08-15T22:43:21.169+0900][gc,init] Heap Max Capacity: 1G
[2023-08-15T22:43:21.169+0900][gc,init] Pre-touch: Disabled
[2023-08-15T22:43:21.169+0900][gc,init] Parallel Workers: 8
[2023-08-15T22:43:21.169+0900][gc,init] Concurrent Workers: 2
[2023-08-15T22:43:21.169+0900][gc,init] Concurrent Refinement Workers: 8
[2023-08-15T22:43:21.169+0900][gc,init] Periodic GC: Disabled
[2023-08-15T22:43:21.169+0900][gc,metaspace] CDS archive(s) mapped at: [0x0000000800000000-0x0000000800c6c000-0x0000000800c6c000), size 13025280, SharedBaseAddress: 0x0000000800000000, ArchiveRelocationMode: 0.
[2023-08-15T22:43:21.169+0900][gc,metaspace] Compressed class space mapped at: 0x0000000801000000-0x0000000841000000, reserved size: 1073741824
[2023-08-15T22:43:21.169+0900][gc,metaspace] Narrow klass base: 0x0000000800000000, Narrow klass shift: 0, Narrow klass range: 0x100000000
[2023-08-15T22:43:21.982+0900][gc,heap,exit] Heap
[2023-08-15T22:43:21.982+0900][gc,heap,exit]  garbage-first heap   total 1048576K, used 52194K [0x00000007c0000000, 0x0000000800000000)
[2023-08-15T22:43:21.982+0900][gc,heap,exit]   region size 1024K, 51 young (52224K), 0 survivors (0K)
[2023-08-15T22:43:21.982+0900][gc,heap,exit]  Metaspace       used 18542K, committed 18752K, reserved 1114112K
[2023-08-15T22:43:21.982+0900][gc,heap,exit]   class space    used 2139K, committed 2240K, reserved 1048576K
