[2023-08-09T14:54:26.716+0900][gc,init] CardTable entry size: 512
[2023-08-09T14:54:26.716+0900][gc     ] Using G1
[2023-08-09T14:54:26.717+0900][gc,init] Version: 20.0.1 (release)
[2023-08-09T14:54:26.717+0900][gc,init] CPUs: 8 total, 8 available
[2023-08-09T14:54:26.717+0900][gc,init] Memory: 16384M
[2023-08-09T14:54:26.717+0900][gc,init] Large Page Support: Disabled
[2023-08-09T14:54:26.717+0900][gc,init] NUMA Support: Disabled
[2023-08-09T14:54:26.717+0900][gc,init] Compressed Oops: Enabled (Zero based)
[2023-08-09T14:54:26.717+0900][gc,init] Heap Region Size: 1M
[2023-08-09T14:54:26.717+0900][gc,init] Heap Min Capacity: 1G
[2023-08-09T14:54:26.717+0900][gc,init] Heap Initial Capacity: 1G
[2023-08-09T14:54:26.717+0900][gc,init] Heap Max Capacity: 1G
[2023-08-09T14:54:26.717+0900][gc,init] Pre-touch: Disabled
[2023-08-09T14:54:26.717+0900][gc,init] Parallel Workers: 8
[2023-08-09T14:54:26.717+0900][gc,init] Concurrent Workers: 2
[2023-08-09T14:54:26.717+0900][gc,init] Concurrent Refinement Workers: 8
[2023-08-09T14:54:26.717+0900][gc,init] Periodic GC: Disabled
[2023-08-09T14:54:26.717+0900][gc,metaspace] CDS archive(s) mapped at: [0x0000000800000000-0x0000000800c6c000-0x0000000800c6c000), size 13025280, SharedBaseAddress: 0x0000000800000000, ArchiveRelocationMode: 0.
[2023-08-09T14:54:26.717+0900][gc,metaspace] Compressed class space mapped at: 0x0000000801000000-0x0000000841000000, reserved size: 1073741824
[2023-08-09T14:54:26.717+0900][gc,metaspace] Narrow klass base: 0x0000000800000000, Narrow klass shift: 0, Narrow klass range: 0x100000000
[2023-08-09T14:54:27.264+0900][gc,start    ] GC(0) Pause Young (Normal) (GCLocker Initiated GC)
[2023-08-09T14:54:27.265+0900][gc,task     ] GC(0) Using 8 workers of 8 for evacuation
[2023-08-09T14:54:27.267+0900][gc,phases   ] GC(0)   Pre Evacuate Collection Set: 0.1ms
[2023-08-09T14:54:27.267+0900][gc,phases   ] GC(0)   Merge Heap Roots: 0.0ms
[2023-08-09T14:54:27.267+0900][gc,phases   ] GC(0)   Evacuate Collection Set: 2.1ms
[2023-08-09T14:54:27.267+0900][gc,phases   ] GC(0)   Post Evacuate Collection Set: 0.3ms
[2023-08-09T14:54:27.267+0900][gc,phases   ] GC(0)   Other: 0.1ms
[2023-08-09T14:54:27.267+0900][gc,heap     ] GC(0) Eden regions: 51->0(44)
[2023-08-09T14:54:27.267+0900][gc,heap     ] GC(0) Survivor regions: 0->7(7)
[2023-08-09T14:54:27.267+0900][gc,heap     ] GC(0) Old regions: 0->1
[2023-08-09T14:54:27.267+0900][gc,heap     ] GC(0) Archive regions: 2->2
[2023-08-09T14:54:27.267+0900][gc,heap     ] GC(0) Humongous regions: 0->0
[2023-08-09T14:54:27.267+0900][gc,metaspace] GC(0) Metaspace: 18953K(19136K)->18953K(19136K) NonClass: 16738K(16832K)->16738K(16832K) Class: 2215K(2304K)->2215K(2304K)
[2023-08-09T14:54:27.267+0900][gc          ] GC(0) Pause Young (Normal) (GCLocker Initiated GC) 51M->7M(1024M) 2.807ms
[2023-08-09T14:54:27.267+0900][gc,cpu      ] GC(0) User=0.01s Sys=0.00s Real=0.00s
[2023-08-09T14:54:27.325+0900][gc,start    ] GC(1) Pause Young (Concurrent Start) (Metadata GC Threshold)
[2023-08-09T14:54:27.325+0900][gc,task     ] GC(1) Using 8 workers of 8 for evacuation
[2023-08-09T14:54:27.327+0900][gc,phases   ] GC(1)   Pre Evacuate Collection Set: 0.1ms
[2023-08-09T14:54:27.327+0900][gc,phases   ] GC(1)   Merge Heap Roots: 0.0ms
[2023-08-09T14:54:27.327+0900][gc,phases   ] GC(1)   Evacuate Collection Set: 2.0ms
[2023-08-09T14:54:27.327+0900][gc,phases   ] GC(1)   Post Evacuate Collection Set: 0.2ms
[2023-08-09T14:54:27.327+0900][gc,phases   ] GC(1)   Other: 0.0ms
[2023-08-09T14:54:27.327+0900][gc,heap     ] GC(1) Eden regions: 10->0(49)
[2023-08-09T14:54:27.327+0900][gc,heap     ] GC(1) Survivor regions: 7->2(7)
[2023-08-09T14:54:27.327+0900][gc,heap     ] GC(1) Old regions: 1->7
[2023-08-09T14:54:27.327+0900][gc,heap     ] GC(1) Archive regions: 2->2
[2023-08-09T14:54:27.327+0900][gc,heap     ] GC(1) Humongous regions: 129->129
[2023-08-09T14:54:27.327+0900][gc,metaspace] GC(1) Metaspace: 21338K(21504K)->21338K(21504K) NonClass: 18871K(18944K)->18871K(18944K) Class: 2467K(2560K)->2467K(2560K)
[2023-08-09T14:54:27.327+0900][gc          ] GC(1) Pause Young (Concurrent Start) (Metadata GC Threshold) 146M->138M(1024M) 2.401ms
[2023-08-09T14:54:27.327+0900][gc          ] GC(2) Concurrent Mark Cycle
[2023-08-09T14:54:27.327+0900][gc,cpu      ] GC(1) User=0.01s Sys=0.00s Real=0.00s
[2023-08-09T14:54:27.327+0900][gc,marking  ] GC(2) Concurrent Scan Root Regions
[2023-08-09T14:54:27.328+0900][gc,marking  ] GC(2) Concurrent Scan Root Regions 1.084ms
[2023-08-09T14:54:27.328+0900][gc,marking  ] GC(2) Concurrent Mark
[2023-08-09T14:54:27.328+0900][gc,marking  ] GC(2) Concurrent Mark From Roots
[2023-08-09T14:54:27.328+0900][gc,task     ] GC(2) Using 2 workers of 2 for marking
[2023-08-09T14:54:27.329+0900][gc,marking  ] GC(2) Concurrent Mark From Roots 0.473ms
[2023-08-09T14:54:27.329+0900][gc,marking  ] GC(2) Concurrent Preclean
[2023-08-09T14:54:27.329+0900][gc,marking  ] GC(2) Concurrent Preclean 0.005ms
[2023-08-09T14:54:27.329+0900][gc,start    ] GC(2) Pause Remark
[2023-08-09T14:54:27.330+0900][gc          ] GC(2) Pause Remark 139M->139M(1024M) 0.715ms
[2023-08-09T14:54:27.330+0900][gc,cpu      ] GC(2) User=0.00s Sys=0.01s Real=0.01s
[2023-08-09T14:54:27.330+0900][gc,marking  ] GC(2) Concurrent Mark 1.269ms
[2023-08-09T14:54:27.330+0900][gc,marking  ] GC(2) Concurrent Rebuild Remembered Sets and Scrub Regions
[2023-08-09T14:54:27.330+0900][gc,marking  ] GC(2) Concurrent Rebuild Remembered Sets and Scrub Regions 0.384ms
[2023-08-09T14:54:27.330+0900][gc,start    ] GC(2) Pause Cleanup
[2023-08-09T14:54:27.330+0900][gc          ] GC(2) Pause Cleanup 139M->139M(1024M) 0.009ms
[2023-08-09T14:54:27.330+0900][gc,cpu      ] GC(2) User=0.00s Sys=0.00s Real=0.00s
[2023-08-09T14:54:27.330+0900][gc,marking  ] GC(2) Concurrent Clear Claimed Marks
[2023-08-09T14:54:27.330+0900][gc,marking  ] GC(2) Concurrent Clear Claimed Marks 0.012ms
[2023-08-09T14:54:27.330+0900][gc,marking  ] GC(2) Concurrent Cleanup for Next Mark
[2023-08-09T14:54:27.331+0900][gc,marking  ] GC(2) Concurrent Cleanup for Next Mark 1.002ms
[2023-08-09T14:54:27.331+0900][gc          ] GC(2) Concurrent Mark Cycle 3.854ms
[2023-08-09T15:08:26.637+0900][gc,start    ] GC(3) Pause Young (Normal) (G1 Evacuation Pause)
[2023-08-09T15:08:26.638+0900][gc,task     ] GC(3) Using 8 workers of 8 for evacuation
[2023-08-09T15:08:26.651+0900][gc,phases   ] GC(3)   Pre Evacuate Collection Set: 0.4ms
[2023-08-09T15:08:26.651+0900][gc,phases   ] GC(3)   Merge Heap Roots: 0.1ms
[2023-08-09T15:08:26.651+0900][gc,phases   ] GC(3)   Evacuate Collection Set: 11.9ms
[2023-08-09T15:08:26.651+0900][gc,phases   ] GC(3)   Post Evacuate Collection Set: 0.5ms
[2023-08-09T15:08:26.651+0900][gc,phases   ] GC(3)   Other: 0.2ms
[2023-08-09T15:08:26.651+0900][gc,heap     ] GC(3) Eden regions: 49->0(45)
[2023-08-09T15:08:26.651+0900][gc,heap     ] GC(3) Survivor regions: 2->6(7)
[2023-08-09T15:08:26.651+0900][gc,heap     ] GC(3) Old regions: 7->7
[2023-08-09T15:08:26.651+0900][gc,heap     ] GC(3) Archive regions: 2->2
[2023-08-09T15:08:26.651+0900][gc,heap     ] GC(3) Humongous regions: 129->129
[2023-08-09T15:08:26.651+0900][gc,metaspace] GC(3) Metaspace: 31468K(31744K)->31468K(31744K) NonClass: 28055K(28224K)->28055K(28224K) Class: 3413K(3520K)->3413K(3520K)
[2023-08-09T15:08:26.651+0900][gc          ] GC(3) Pause Young (Normal) (G1 Evacuation Pause) 187M->142M(1024M) 14.565ms
[2023-08-09T15:08:26.652+0900][gc,cpu      ] GC(3) User=0.03s Sys=0.01s Real=0.02s
[2023-08-09T15:35:12.687+0900][gc,start    ] GC(4) Pause Young (Normal) (G1 Evacuation Pause)
[2023-08-09T15:35:12.688+0900][gc,task     ] GC(4) Using 8 workers of 8 for evacuation
[2023-08-09T15:35:12.695+0900][gc,phases   ] GC(4)   Pre Evacuate Collection Set: 0.4ms
[2023-08-09T15:35:12.695+0900][gc,phases   ] GC(4)   Merge Heap Roots: 0.1ms
[2023-08-09T15:35:12.695+0900][gc,phases   ] GC(4)   Evacuate Collection Set: 6.7ms
[2023-08-09T15:35:12.696+0900][gc,phases   ] GC(4)   Post Evacuate Collection Set: 0.6ms
[2023-08-09T15:35:12.696+0900][gc,phases   ] GC(4)   Other: 0.1ms
[2023-08-09T15:35:12.696+0900][gc,heap     ] GC(4) Eden regions: 45->0(49)
[2023-08-09T15:35:12.696+0900][gc,heap     ] GC(4) Survivor regions: 6->2(7)
[2023-08-09T15:35:12.696+0900][gc,heap     ] GC(4) Old regions: 7->12
[2023-08-09T15:35:12.696+0900][gc,heap     ] GC(4) Archive regions: 2->2
[2023-08-09T15:35:12.696+0900][gc,heap     ] GC(4) Humongous regions: 129->129
[2023-08-09T15:35:12.696+0900][gc,metaspace] GC(4) Metaspace: 34973K(35392K)->34973K(35392K) NonClass: 31052K(31296K)->31052K(31296K) Class: 3920K(4096K)->3920K(4096K)
[2023-08-09T15:35:12.696+0900][gc          ] GC(4) Pause Young (Normal) (G1 Evacuation Pause) 187M->143M(1024M) 9.009ms
[2023-08-09T15:35:12.696+0900][gc,cpu      ] GC(4) User=0.02s Sys=0.01s Real=0.01s
[2023-08-09T15:46:09.981+0900][gc,start    ] GC(5) Pause Young (Concurrent Start) (Metadata GC Threshold)
[2023-08-09T15:46:09.982+0900][gc,task     ] GC(5) Using 8 workers of 8 for evacuation
[2023-08-09T15:46:09.983+0900][gc,phases   ] GC(5)   Pre Evacuate Collection Set: 0.1ms
[2023-08-09T15:46:09.983+0900][gc,phases   ] GC(5)   Merge Heap Roots: 0.0ms
[2023-08-09T15:46:09.983+0900][gc,phases   ] GC(5)   Evacuate Collection Set: 1.2ms
[2023-08-09T15:46:09.983+0900][gc,phases   ] GC(5)   Post Evacuate Collection Set: 0.1ms
[2023-08-09T15:46:09.983+0900][gc,phases   ] GC(5)   Other: 0.0ms
[2023-08-09T15:46:09.983+0900][gc,heap     ] GC(5) Eden regions: 26->0(48)
[2023-08-09T15:46:09.983+0900][gc,heap     ] GC(5) Survivor regions: 2->3(7)
[2023-08-09T15:46:09.983+0900][gc,heap     ] GC(5) Old regions: 12->12
[2023-08-09T15:46:09.983+0900][gc,heap     ] GC(5) Archive regions: 2->2
[2023-08-09T15:46:09.983+0900][gc,heap     ] GC(5) Humongous regions: 129->129
[2023-08-09T15:46:09.983+0900][gc,metaspace] GC(5) Metaspace: 35679K(36096K)->35679K(36096K) NonClass: 31686K(31936K)->31686K(31936K) Class: 3992K(4160K)->3992K(4160K)
[2023-08-09T15:46:09.983+0900][gc          ] GC(5) Pause Young (Concurrent Start) (Metadata GC Threshold) 169M->144M(1024M) 1.808ms
[2023-08-09T15:46:09.983+0900][gc          ] GC(6) Concurrent Mark Cycle
[2023-08-09T15:46:09.983+0900][gc,cpu      ] GC(5) User=0.01s Sys=0.00s Real=0.00s
[2023-08-09T15:46:09.983+0900][gc,marking  ] GC(6) Concurrent Scan Root Regions
[2023-08-09T15:46:09.984+0900][gc,marking  ] GC(6) Concurrent Scan Root Regions 0.646ms
[2023-08-09T15:46:09.984+0900][gc,marking  ] GC(6) Concurrent Mark
[2023-08-09T15:46:09.984+0900][gc,marking  ] GC(6) Concurrent Mark From Roots
[2023-08-09T15:46:09.984+0900][gc,task     ] GC(6) Using 2 workers of 2 for marking
[2023-08-09T15:46:09.988+0900][gc,marking  ] GC(6) Concurrent Mark From Roots 4.466ms
[2023-08-09T15:46:09.988+0900][gc,marking  ] GC(6) Concurrent Preclean
[2023-08-09T15:46:09.988+0900][gc,marking  ] GC(6) Concurrent Preclean 0.076ms
[2023-08-09T15:46:09.989+0900][gc,start    ] GC(6) Pause Remark
[2023-08-09T15:46:09.991+0900][gc          ] GC(6) Pause Remark 144M->144M(1024M) 2.574ms
[2023-08-09T15:46:09.991+0900][gc,cpu      ] GC(6) User=0.00s Sys=0.00s Real=0.01s
[2023-08-09T15:46:09.991+0900][gc,marking  ] GC(6) Concurrent Mark 7.374ms
[2023-08-09T15:46:09.991+0900][gc,marking  ] GC(6) Concurrent Rebuild Remembered Sets and Scrub Regions
[2023-08-09T15:46:09.994+0900][gc,marking  ] GC(6) Concurrent Rebuild Remembered Sets and Scrub Regions 2.669ms
[2023-08-09T15:46:09.994+0900][gc,start    ] GC(6) Pause Cleanup
[2023-08-09T15:46:09.994+0900][gc          ] GC(6) Pause Cleanup 145M->145M(1024M) 0.060ms
[2023-08-09T15:46:09.994+0900][gc,cpu      ] GC(6) User=0.00s Sys=0.00s Real=0.00s
[2023-08-09T15:46:09.994+0900][gc,marking  ] GC(6) Concurrent Clear Claimed Marks
[2023-08-09T15:46:09.994+0900][gc,marking  ] GC(6) Concurrent Clear Claimed Marks 0.013ms
[2023-08-09T15:46:09.994+0900][gc,marking  ] GC(6) Concurrent Cleanup for Next Mark
[2023-08-09T15:46:09.995+0900][gc,marking  ] GC(6) Concurrent Cleanup for Next Mark 1.156ms
[2023-08-09T15:46:09.995+0900][gc          ] GC(6) Concurrent Mark Cycle 12.235ms
[2023-08-09T15:54:27.407+0900][gc,start    ] GC(7) Pause Young (Prepare Mixed) (G1 Evacuation Pause)
[2023-08-09T15:54:27.407+0900][gc,task     ] GC(7) Using 8 workers of 8 for evacuation
[2023-08-09T15:54:27.418+0900][gc,phases   ] GC(7)   Pre Evacuate Collection Set: 0.4ms
[2023-08-09T15:54:27.418+0900][gc,phases   ] GC(7)   Merge Heap Roots: 0.2ms
[2023-08-09T15:54:27.418+0900][gc,phases   ] GC(7)   Evacuate Collection Set: 8.9ms
[2023-08-09T15:54:27.418+0900][gc,phases   ] GC(7)   Post Evacuate Collection Set: 0.7ms
[2023-08-09T15:54:27.418+0900][gc,phases   ] GC(7)   Other: 0.3ms
[2023-08-09T15:54:27.418+0900][gc,heap     ] GC(7) Eden regions: 48->0(46)
[2023-08-09T15:54:27.418+0900][gc,heap     ] GC(7) Survivor regions: 3->5(7)
[2023-08-09T15:54:27.418+0900][gc,heap     ] GC(7) Old regions: 12->12
[2023-08-09T15:54:27.418+0900][gc,heap     ] GC(7) Archive regions: 2->2
[2023-08-09T15:54:27.418+0900][gc,heap     ] GC(7) Humongous regions: 129->129
[2023-08-09T15:54:27.418+0900][gc,metaspace] GC(7) Metaspace: 37510K(37952K)->37510K(37952K) NonClass: 33338K(33600K)->33338K(33600K) Class: 4171K(4352K)->4171K(4352K)
[2023-08-09T15:54:27.418+0900][gc          ] GC(7) Pause Young (Prepare Mixed) (G1 Evacuation Pause) 192M->146M(1024M) 10.970ms
[2023-08-09T15:54:27.418+0900][gc,cpu      ] GC(7) User=0.03s Sys=0.00s Real=0.01s
[2023-08-09T16:13:58.798+0900][gc,start    ] GC(8) Pause Young (Mixed) (G1 Evacuation Pause)
[2023-08-09T16:13:58.799+0900][gc,task     ] GC(8) Using 8 workers of 8 for evacuation
[2023-08-09T16:13:58.809+0900][gc,phases   ] GC(8)   Pre Evacuate Collection Set: 0.4ms
[2023-08-09T16:13:58.809+0900][gc,phases   ] GC(8)   Merge Heap Roots: 0.1ms
[2023-08-09T16:13:58.809+0900][gc,phases   ] GC(8)   Evacuate Collection Set: 8.5ms
[2023-08-09T16:13:58.809+0900][gc,phases   ] GC(8)   Post Evacuate Collection Set: 0.5ms
[2023-08-09T16:13:58.809+0900][gc,phases   ] GC(8)   Other: 0.2ms
[2023-08-09T16:13:58.809+0900][gc,heap     ] GC(8) Eden regions: 46->0(47)
[2023-08-09T16:13:58.809+0900][gc,heap     ] GC(8) Survivor regions: 5->4(7)
[2023-08-09T16:13:58.809+0900][gc,heap     ] GC(8) Old regions: 12->13
[2023-08-09T16:13:58.809+0900][gc,heap     ] GC(8) Archive regions: 2->2
[2023-08-09T16:13:58.809+0900][gc,heap     ] GC(8) Humongous regions: 129->129
[2023-08-09T16:13:58.809+0900][gc,metaspace] GC(8) Metaspace: 37659K(38144K)->37659K(38144K) NonClass: 33475K(33792K)->33475K(33792K) Class: 4184K(4352K)->4184K(4352K)
[2023-08-09T16:13:58.809+0900][gc          ] GC(8) Pause Young (Mixed) (G1 Evacuation Pause) 192M->146M(1024M) 11.426ms
[2023-08-09T16:13:58.810+0900][gc,cpu      ] GC(8) User=0.03s Sys=0.00s Real=0.02s
[2023-08-09T16:15:37.580+0900][gc,heap,exit] Heap
[2023-08-09T16:15:37.580+0900][gc,heap,exit]  garbage-first heap   total 1048576K, used 163087K [0x00000007c0000000, 0x0000000800000000)
[2023-08-09T16:15:37.580+0900][gc,heap,exit]   region size 1024K, 17 young (17408K), 4 survivors (4096K)
[2023-08-09T16:15:37.580+0900][gc,heap,exit]  Metaspace       used 38189K, committed 38656K, reserved 1114112K
[2023-08-09T16:15:37.580+0900][gc,heap,exit]   class space    used 4306K, committed 4480K, reserved 1048576K
