[2023-08-09T14:53:16.787+0900][gc,init] CardTable entry size: 512
[2023-08-09T14:53:16.787+0900][gc     ] Using G1
[2023-08-09T14:53:16.787+0900][gc,init] Version: 20.0.1 (release)
[2023-08-09T14:53:16.787+0900][gc,init] CPUs: 8 total, 8 available
[2023-08-09T14:53:16.787+0900][gc,init] Memory: 16384M
[2023-08-09T14:53:16.787+0900][gc,init] Large Page Support: Disabled
[2023-08-09T14:53:16.787+0900][gc,init] NUMA Support: Disabled
[2023-08-09T14:53:16.787+0900][gc,init] Compressed Oops: Enabled (Zero based)
[2023-08-09T14:53:16.787+0900][gc,init] Heap Region Size: 1M
[2023-08-09T14:53:16.787+0900][gc,init] Heap Min Capacity: 512M
[2023-08-09T14:53:16.787+0900][gc,init] Heap Initial Capacity: 512M
[2023-08-09T14:53:16.787+0900][gc,init] Heap Max Capacity: 512M
[2023-08-09T14:53:16.787+0900][gc,init] Pre-touch: Disabled
[2023-08-09T14:53:16.787+0900][gc,init] Parallel Workers: 8
[2023-08-09T14:53:16.787+0900][gc,init] Concurrent Workers: 2
[2023-08-09T14:53:16.787+0900][gc,init] Concurrent Refinement Workers: 8
[2023-08-09T14:53:16.787+0900][gc,init] Periodic GC: Disabled
[2023-08-09T14:53:16.788+0900][gc,metaspace] CDS archive(s) mapped at: [0x0000000800000000-0x0000000800c6c000-0x0000000800c6c000), size 13025280, SharedBaseAddress: 0x0000000800000000, ArchiveRelocationMode: 0.
[2023-08-09T14:53:16.788+0900][gc,metaspace] Compressed class space mapped at: 0x0000000801000000-0x0000000841000000, reserved size: 1073741824
[2023-08-09T14:53:16.788+0900][gc,metaspace] Narrow klass base: 0x0000000800000000, Narrow klass shift: 0, Narrow klass range: 0x100000000
[2023-08-09T14:54:27.126+0900][gc,start    ] GC(0) Pause Young (Normal) (G1 Evacuation Pause)
[2023-08-09T14:54:27.127+0900][gc,task     ] GC(0) Using 8 workers of 8 for evacuation
[2023-08-09T14:54:27.129+0900][gc,phases   ] GC(0)   Pre Evacuate Collection Set: 0.1ms
[2023-08-09T14:54:27.129+0900][gc,phases   ] GC(0)   Merge Heap Roots: 0.0ms
[2023-08-09T14:54:27.129+0900][gc,phases   ] GC(0)   Evacuate Collection Set: 1.6ms
[2023-08-09T14:54:27.129+0900][gc,phases   ] GC(0)   Post Evacuate Collection Set: 0.2ms
[2023-08-09T14:54:27.129+0900][gc,phases   ] GC(0)   Other: 0.1ms
[2023-08-09T14:54:27.129+0900][gc,heap     ] GC(0) Eden regions: 25->0(21)
[2023-08-09T14:54:27.129+0900][gc,heap     ] GC(0) Survivor regions: 0->4(4)
[2023-08-09T14:54:27.129+0900][gc,heap     ] GC(0) Old regions: 0->2
[2023-08-09T14:54:27.129+0900][gc,heap     ] GC(0) Archive regions: 2->2
[2023-08-09T14:54:27.129+0900][gc,heap     ] GC(0) Humongous regions: 0->0
[2023-08-09T14:54:27.129+0900][gc,metaspace] GC(0) Metaspace: 7964K(8192K)->7964K(8192K) NonClass: 7087K(7168K)->7087K(7168K) Class: 876K(1024K)->876K(1024K)
[2023-08-09T14:54:27.129+0900][gc          ] GC(0) Pause Young (Normal) (G1 Evacuation Pause) 25M->6M(512M) 2.199ms
[2023-08-09T14:54:27.129+0900][gc,cpu      ] GC(0) User=0.01s Sys=0.00s Real=0.00s
[2023-08-09T16:15:49.687+0900][gc,heap,exit] Heap
[2023-08-09T16:15:49.687+0900][gc,heap,exit]  garbage-first heap   total 524288K, used 17774K [0x00000007e0000000, 0x0000000800000000)
[2023-08-09T16:15:49.687+0900][gc,heap,exit]   region size 1024K, 16 young (16384K), 4 survivors (4096K)
[2023-08-09T16:15:49.687+0900][gc,heap,exit]  Metaspace       used 8667K, committed 8896K, reserved 1114112K
[2023-08-09T16:15:49.687+0900][gc,heap,exit]   class space    used 895K, committed 1024K, reserved 1048576K
